quick      n=1024        225 rounds         55219.0 ns  converged
quicki     n=1024        108 rounds         64089.8 ns  converged
bfs        n=1024         50 rounds         66210.8 ns  converged
merge      n=1024         50 rounds         70988.5 ns  converged
heap       n=1024         50 rounds         67211.7 ns  converged
shell      n=1024         52 rounds         99583.8 ns  converged
min        n=1024         83 rounds        280902.0 ns  converged
bubble     n=1024         50 rounds        564814.0 ns  converged
shaker     n=1024         50 rounds        724583.0 ns  converged
insertion  n=1024        133 rounds        201454.0 ns  converged
binsert    n=1024        102 rounds         95869.8 ns  converged
quick      n=2048        278 rounds        114245.0 ns  converged
quicki     n=2048         50 rounds        135082.0 ns  converged
bfs        n=2048        100 rounds        139559.0 ns  converged
merge      n=2048        185 rounds        149941.0 ns  converged
heap       n=2048        200 rounds        145311.0 ns  converged
shell      n=2048         70 rounds        235007.0 ns  converged
min        n=2048        100 rounds       1013230.0 ns  converged
bubble     n=2048         50 rounds       2133420.0 ns  converged
shaker     n=2048         50 rounds       2800390.0 ns  converged
insertion  n=2048        248 rounds        796358.0 ns  converged
binsert    n=2048         50 rounds        278977.0 ns  converged
quick      n=4096         92 rounds        250854.0 ns  converged
quicki     n=4096        365 rounds        280777.0 ns  converged
bfs        n=4096        100 rounds        297476.0 ns  converged
merge      n=4096        150 rounds        324616.0 ns  converged
heap       n=4096        200 rounds        313565.0 ns  converged
shell      n=4096         50 rounds        554282.0 ns  converged
min        n=4096         91 rounds       3816950.0 ns  converged
bubble     n=4096         51 rounds       9153990.0 ns  converged
shaker     n=4096         50 rounds      11239800.0 ns  converged
insertion  n=4096         50 rounds       3243660.0 ns  converged
binsert    n=4096         50 rounds        851487.0 ns  converged
quick      n=8192         50 rounds        537193.0 ns  converged
quicki     n=8192         50 rounds        609570.0 ns  converged
bfs        n=8192         50 rounds        642815.0 ns  converged
merge      n=8192        224 rounds        863848.0 ns  converged
heap       n=8192         50 rounds        680527.0 ns  converged
shell      n=8192        106 rounds       1264290.0 ns  converged
min        n=8192         50 rounds      14165400.0 ns  converged
bubble     n=8192        120 rounds      53051400.0 ns  converged
shaker     n=8192        300 rounds      51267400.0 ns  converged
insertion  n=8192        800 rounds      12638400.0 ns  converged
binsert    n=8192         50 rounds       2980550.0 ns  converged
quick      n=16384        50 rounds       1150620.0 ns  converged
quicki     n=16384       219 rounds       1319980.0 ns  converged
bfs        n=16384       100 rounds       1405700.0 ns  converged
merge      n=16384        54 rounds       2327450.0 ns  converged
heap       n=16384        50 rounds       1484410.0 ns  converged
shell      n=16384        79 rounds       2854460.0 ns  converged
min        n=16384        77 rounds      54810600.0 ns  converged
bubble     n=16384        50 rounds     284593000.0 ns  converged
shaker     n=16384        53 rounds     242066000.0 ns  converged
insertion  n=16384        50 rounds      49245700.0 ns  converged
binsert    n=16384        50 rounds      10376600.0 ns  converged
quick      n=32768       100 rounds       2492140.0 ns  converged
quicki     n=32768        77 rounds       2930890.0 ns  converged
bfs        n=32768        50 rounds       3149140.0 ns  converged
merge      n=32768       118 rounds       4070720.0 ns  converged
heap       n=32768        66 rounds       3277700.0 ns  converged
shell      n=32768        77 rounds       6193470.0 ns  converged
min        n=32768        50 rounds     216239000.0 ns  converged
bubble     n=32768        50 rounds    1306690000.0 ns  converged
shaker     n=32768        50 rounds    1063380000.0 ns  converged
insertion  n=32768       100 rounds     196297000.0 ns  converged
binsert    n=32768       200 rounds      39064100.0 ns  converged
quick      n=65536       150 rounds       5059350.0 ns  converged
quicki     n=65536        65 rounds       5702350.0 ns  converged
bfs        n=65536        50 rounds       6062450.0 ns  converged
merge      n=65536        53 rounds       7138550.0 ns  converged
heap       n=65536        94 rounds       6849930.0 ns  converged
shell      n=65536        99 rounds      13376900.0 ns  converged
min        n=65536       100 rounds     863708000.0 ns  converged
bubble     n=65536       228 rounds    5522620000.0 ns  converged
shaker     n=65536       280 rounds    4348420000.0 ns  converged
insertion  n=65536        50 rounds     786575000.0 ns  converged
binsert    n=65536       107 rounds     149628000.0 ns  converged
quick      n=131072      200 rounds      10398100.0 ns  converged
quicki     n=131072      220 rounds      11325700.0 ns  converged
bfs        n=131072       50 rounds      12455200.0 ns  converged
merge      n=131072       50 rounds      13820100.0 ns  converged
heap       n=131072       55 rounds      14700000.0 ns  converged
shell      n=131072       50 rounds      29061200.0 ns  converged
quick      n=262144       72 rounds      21294500.0 ns  converged
quicki     n=262144       50 rounds      23365300.0 ns  converged
bfs        n=262144       50 rounds      25634200.0 ns  converged
merge      n=262144      113 rounds      28532600.0 ns  converged
heap       n=262144       51 rounds      31991100.0 ns  converged
shell      n=262144      100 rounds      62480700.0 ns  converged
quick      n=524288       53 rounds      44522400.0 ns  converged
quicki     n=524288       50 rounds      48415400.0 ns  converged
bfs        n=524288      118 rounds      53112100.0 ns  converged
merge      n=524288      100 rounds      60603900.0 ns  converged
heap       n=524288       50 rounds      68628300.0 ns  converged
shell      n=524288       50 rounds     133708000.0 ns  converged
quick      n=1048576      50 rounds      92858600.0 ns  converged
quicki     n=1048576     150 rounds     100226000.0 ns  converged
bfs        n=1048576      50 rounds     110685000.0 ns  converged
merge      n=1048576     100 rounds     125773000.0 ns  converged
heap       n=1048576      67 rounds     149050000.0 ns  converged
shell      n=1048576      77 rounds     285045000.0 ns  converged
quick      n=2097152     100 rounds     193194000.0 ns  converged
quicki     n=2097152      50 rounds     210438000.0 ns  converged
bfs        n=2097152     100 rounds     236005000.0 ns  converged
merge      n=2097152      50 rounds     262473000.0 ns  converged
heap       n=2097152      50 rounds     336603000.0 ns  converged
shell      n=2097152      50 rounds     604415000.0 ns  converged
quick      n=4194304      50 rounds     403405000.0 ns  converged
quicki     n=4194304      50 rounds     434180000.0 ns  converged
bfs        n=4194304      50 rounds     494753000.0 ns  converged
merge      n=4194304      50 rounds     544170000.0 ns  converged
heap       n=4194304      50 rounds     821805000.0 ns  converged
shell      n=4194304      50 rounds    1268170000.0 ns  converged
