pad   0 bubble     n=1024   0x1c70    100 rounds    2047310.0 cycles  converged
pad   0 min        n=1024   0x1d80    108 rounds    1020460.0 cycles  converged
pad   0 insertion  n=1024   0x1f00    150 rounds     749442.0 cycles  converged
pad   0 shell      n=1024   0x2620    100 rounds     371139.0 cycles  converged
pad   0 quick      n=1024   0x2340    100 rounds     200501.0 cycles  converged
pad   0 bfs        n=1024   0x31e0     58 rounds     243290.0 cycles  converged
pad   0 merge      n=1024   0x2430    330 rounds     273919.0 cycles  converged
pad   0 heap       n=1024   0x2b70    100 rounds     245234.0 cycles  converged
pad   0 bubble     n=8192   0x1c70     87 rounds  198908000.0 cycles  converged
pad   0 min        n=8192   0x1d80    100 rounds   52658500.0 cycles  converged
pad   0 insertion  n=8192   0x1f00     50 rounds   46443400.0 cycles  converged
pad   0 shell      n=8192   0x2620     50 rounds    4562180.0 cycles  converged
pad   0 quick      n=8192   0x2340    106 rounds    1968710.0 cycles  converged
pad   0 bfs        n=8192   0x31e0     50 rounds    2313050.0 cycles  converged
pad   0 merge      n=8192   0x2430    190 rounds    3026210.0 cycles  converged
pad   0 heap       n=8192   0x2b70     50 rounds    2510880.0 cycles  converged
pad  16 bubble     n=1024   0x1c80     50 rounds    3067720.0 cycles  converged
pad  16 min        n=1024   0x1d90     50 rounds     907307.0 cycles  converged
pad  16 insertion  n=1024   0x1f10     50 rounds     755159.0 cycles  converged
pad  16 shell      n=1024   0x2630     82 rounds     268794.0 cycles  converged
pad  16 quick      n=1024   0x2350    100 rounds     194225.0 cycles  converged
pad  16 bfs        n=1024   0x31f0     50 rounds     232755.0 cycles  converged
pad  16 merge      n=1024   0x2440     50 rounds     260615.0 cycles  converged
pad  16 heap       n=1024   0x2b80     62 rounds     212235.0 cycles  converged
pad  16 bubble     n=8192   0x1c80     50 rounds  225403000.0 cycles  converged
pad  16 min        n=8192   0x1d90     51 rounds   46842700.0 cycles  converged
pad  16 insertion  n=8192   0x1f10    150 rounds   47612100.0 cycles  converged
pad  16 shell      n=8192   0x2630     75 rounds    3253750.0 cycles  converged
pad  16 quick      n=8192   0x2350    100 rounds    1916880.0 cycles  converged
pad  16 bfs        n=8192   0x31f0     57 rounds    2214140.0 cycles  converged
pad  16 merge      n=8192   0x2440     76 rounds    2662020.0 cycles  converged
pad  16 heap       n=8192   0x2b80    100 rounds    2107030.0 cycles  converged
pad  32 bubble     n=1024   0x1c90    120 rounds    2070570.0 cycles  converged
pad  32 min        n=1024   0x1da0     50 rounds    1015960.0 cycles  converged
pad  32 insertion  n=1024   0x1f20    100 rounds     748124.0 cycles  converged
pad  32 shell      n=1024   0x2640    100 rounds     364449.0 cycles  converged
pad  32 quick      n=1024   0x2360    165 rounds     201940.0 cycles  converged
pad  32 bfs        n=1024   0x3200    100 rounds     243165.0 cycles  converged
pad  32 merge      n=1024   0x2450     50 rounds     295393.0 cycles  converged
pad  32 heap       n=1024   0x2b90    100 rounds     248147.0 cycles  converged
pad  32 bubble     n=8192   0x1c90     50 rounds  202764000.0 cycles  converged
pad  32 min        n=8192   0x1da0    102 rounds   52632300.0 cycles  converged
pad  32 insertion  n=8192   0x1f20     63 rounds   46478400.0 cycles  converged
pad  32 shell      n=8192   0x2640    138 rounds    4491560.0 cycles  converged
pad  32 quick      n=8192   0x2360     57 rounds    1978740.0 cycles  converged
pad  32 bfs        n=8192   0x3200     60 rounds    2317470.0 cycles  converged
pad  32 merge      n=8192   0x2450     63 rounds    3573820.0 cycles  converged
pad  32 heap       n=8192   0x2b90    100 rounds    2532680.0 cycles  converged
pad  48 bubble     n=1024   0x1ca0     51 rounds    2930060.0 cycles  converged
pad  48 min        n=1024   0x1db0     50 rounds     897255.0 cycles  converged
pad  48 insertion  n=1024   0x1f30    243 rounds     761439.0 cycles  converged
pad  48 shell      n=1024   0x2650     50 rounds     269994.0 cycles  converged
pad  48 quick      n=1024   0x2370     52 rounds     195345.0 cycles  converged
pad  48 bfs        n=1024   0x3210    162 rounds     232863.0 cycles  converged
pad  48 merge      n=1024   0x2460    250 rounds     260848.0 cycles  converged
pad  48 heap       n=1024   0x2ba0     50 rounds     214019.0 cycles  converged
pad  48 bubble     n=8192   0x1ca0     75 rounds  223148000.0 cycles  converged
pad  48 min        n=8192   0x1db0     98 rounds   46744600.0 cycles  converged
pad  48 insertion  n=8192   0x1f30     60 rounds   46518500.0 cycles  converged
pad  48 shell      n=8192   0x2650    250 rounds    3262800.0 cycles  converged
pad  48 quick      n=8192   0x2370    100 rounds    1932200.0 cycles  converged
pad  48 bfs        n=8192   0x3210     72 rounds    2222420.0 cycles  converged
pad  48 merge      n=8192   0x2460    115 rounds    3212120.0 cycles  converged
pad  48 heap       n=8192   0x2ba0     50 rounds    2123480.0 cycles  converged
pad  64 bubble     n=1024   0x1cb0     53 rounds    2049240.0 cycles  converged
pad  64 min        n=1024   0x1dc0    360 rounds    1020700.0 cycles  converged
pad  64 insertion  n=1024   0x1f40     50 rounds     748441.0 cycles  converged
pad  64 shell      n=1024   0x2660     65 rounds     371947.0 cycles  converged
pad  64 quick      n=1024   0x2380    150 rounds     200667.0 cycles  converged
pad  64 bfs        n=1024   0x3220     50 rounds     242336.0 cycles  converged
pad  64 merge      n=1024   0x2470     50 rounds     268367.0 cycles  converged
pad  64 heap       n=1024   0x2bb0    363 rounds     244488.0 cycles  converged
pad  64 bubble     n=8192   0x1cb0     51 rounds  198767000.0 cycles  converged
pad  64 min        n=8192   0x1dc0    100 rounds   52649400.0 cycles  converged
pad  64 insertion  n=8192   0x1f40     50 rounds   46376600.0 cycles  converged
pad  64 shell      n=8192   0x2660     60 rounds    4576200.0 cycles  converged
pad  64 quick      n=8192   0x2380     50 rounds    1961510.0 cycles  converged
pad  64 bfs        n=8192   0x3220    100 rounds    2311340.0 cycles  converged
pad  64 merge      n=8192   0x2470    126 rounds    3098480.0 cycles  converged
pad  64 heap       n=8192   0x2bb0    103 rounds    2502620.0 cycles  converged
pad  80 bubble     n=1024   0x1cc0     50 rounds    3070870.0 cycles  converged
pad  80 min        n=1024   0x1dd0    114 rounds     911799.0 cycles  converged
pad  80 insertion  n=1024   0x1f50     50 rounds     756294.0 cycles  converged
pad  80 shell      n=1024   0x2670    116 rounds     268440.0 cycles  converged
pad  80 quick      n=1024   0x2390    171 rounds     194954.0 cycles  converged
pad  80 bfs        n=1024   0x3230    100 rounds     232501.0 cycles  converged
pad  80 merge      n=1024   0x2480     61 rounds     269191.0 cycles  converged
pad  80 heap       n=1024   0x2bc0     50 rounds     213180.0 cycles  converged
pad  80 bubble     n=8192   0x1cc0     50 rounds  224999000.0 cycles  converged
pad  80 min        n=8192   0x1dd0     50 rounds   46850000.0 cycles  converged
pad  80 insertion  n=8192   0x1f50     50 rounds   46516200.0 cycles  converged
pad  80 shell      n=8192   0x2670     50 rounds    3248450.0 cycles  converged
pad  80 quick      n=8192   0x2390     50 rounds    1915520.0 cycles  converged
pad  80 bfs        n=8192   0x3230    150 rounds    2192880.0 cycles  converged
pad  80 merge      n=8192   0x2480    100 rounds    2637380.0 cycles  converged
pad  80 heap       n=8192   0x2bc0    264 rounds    2108640.0 cycles  converged
pad  96 bubble     n=1024   0x1cd0     50 rounds    2070480.0 cycles  converged
pad  96 min        n=1024   0x1de0    144 rounds    1015900.0 cycles  converged
pad  96 insertion  n=1024   0x1f60     50 rounds     750441.0 cycles  converged
pad  96 shell      n=1024   0x2680    150 rounds     363621.0 cycles  converged
pad  96 quick      n=1024   0x23a0     50 rounds     201224.0 cycles  converged
pad  96 bfs        n=1024   0x3240     50 rounds     244345.0 cycles  converged
pad  96 merge      n=1024   0x2490    100 rounds     293572.0 cycles  converged
pad  96 heap       n=1024   0x2bd0    100 rounds     247575.0 cycles  converged
pad  96 bubble     n=8192   0x1cd0    100 rounds  202295000.0 cycles  converged
pad  96 min        n=8192   0x1de0    150 rounds   52627300.0 cycles  converged
pad  96 insertion  n=8192   0x1f60     50 rounds   46420300.0 cycles  converged
pad  96 shell      n=8192   0x2680     68 rounds    4472590.0 cycles  converged
pad  96 quick      n=8192   0x23a0     64 rounds    1973210.0 cycles  converged
pad  96 bfs        n=8192   0x3240    150 rounds    2326300.0 cycles  converged
pad  96 merge      n=8192   0x2490     80 rounds    3629720.0 cycles  converged
pad  96 heap       n=8192   0x2bd0     55 rounds    2530780.0 cycles  converged
pad 112 bubble     n=1024   0x1ce0    146 rounds    2931900.0 cycles  converged
pad 112 min        n=1024   0x1df0    150 rounds     899098.0 cycles  converged
pad 112 insertion  n=1024   0x1f70    189 rounds     757295.0 cycles  converged
pad 112 shell      n=1024   0x2690    113 rounds     269830.0 cycles  converged
pad 112 quick      n=1024   0x23b0     53 rounds     195499.0 cycles  converged
pad 112 bfs        n=1024   0x3250     50 rounds     233431.0 cycles  converged
pad 112 merge      n=1024   0x24a0     91 rounds     272266.0 cycles  converged
pad 112 heap       n=1024   0x2be0     50 rounds     213088.0 cycles  converged
pad 112 bubble     n=8192   0x1ce0     50 rounds  223016000.0 cycles  converged
pad 112 min        n=8192   0x1df0    400 rounds   46799000.0 cycles  converged
pad 112 insertion  n=8192   0x1f70     50 rounds   46496200.0 cycles  converged
pad 112 shell      n=8192   0x2690     50 rounds    3262880.0 cycles  converged
pad 112 quick      n=8192   0x23b0     84 rounds    1929710.0 cycles  converged
pad 112 bfs        n=8192   0x3250    102 rounds    2206370.0 cycles  converged
pad 112 merge      n=8192   0x24a0    114 rounds    3265880.0 cycles  converged
pad 112 heap       n=8192   0x2be0     60 rounds    2112630.0 cycles  converged
