plain pad   0 bubble     n=1024   0x1c70     50 rounds    2045380.0 cycles  converged
plain pad   0 min        n=1024   0x1d80     63 rounds    1020920.0 cycles  converged
plain pad   0 insertion  n=1024   0x1f00     50 rounds     749315.0 cycles  converged
plain pad   0 shell      n=1024   0x2620     50 rounds     371277.0 cycles  converged
plain pad   0 quick      n=1024   0x2340     71 rounds     200160.0 cycles  converged
plain pad   0 bfs        n=1024   0x31e0     50 rounds     242385.0 cycles  converged
plain pad   0 merge      n=1024   0x2430    248 rounds     263693.0 cycles  converged
plain pad   0 heap       n=1024   0x2b70     50 rounds     245015.0 cycles  converged
plain pad   0 bubble     n=8192   0x1c70     51 rounds  199142000.0 cycles  converged
plain pad   0 min        n=8192   0x1d80     50 rounds   52716200.0 cycles  converged
plain pad   0 insertion  n=8192   0x1f00    108 rounds   46440900.0 cycles  converged
plain pad   0 shell      n=8192   0x2620     50 rounds    4563680.0 cycles  converged
plain pad   0 quick      n=8192   0x2340    162 rounds    1956620.0 cycles  converged
plain pad   0 bfs        n=8192   0x31e0     50 rounds    2310850.0 cycles  converged
plain pad   0 merge      n=8192   0x2430    172 rounds    2781800.0 cycles  converged
plain pad   0 heap       n=8192   0x2b70     50 rounds    2505750.0 cycles  converged
plain pad  16 bubble     n=1024   0x1c80     50 rounds    3068030.0 cycles  converged
plain pad  16 min        n=1024   0x1d90     56 rounds     906287.0 cycles  converged
plain pad  16 insertion  n=1024   0x1f10     91 rounds     757567.0 cycles  converged
plain pad  16 shell      n=1024   0x2630    100 rounds     268844.0 cycles  converged
plain pad  16 quick      n=1024   0x2350    100 rounds     194272.0 cycles  converged
plain pad  16 bfs        n=1024   0x31f0    150 rounds     231387.0 cycles  converged
plain pad  16 merge      n=1024   0x2440     50 rounds     257826.0 cycles  converged
plain pad  16 heap       n=1024   0x2b80    108 rounds     212339.0 cycles  converged
plain pad  16 bubble     n=8192   0x1c80     50 rounds  226420000.0 cycles  converged
plain pad  16 min        n=8192   0x1d90     50 rounds   46785300.0 cycles  converged
plain pad  16 insertion  n=8192   0x1f10     50 rounds   46462600.0 cycles  converged
plain pad  16 shell      n=8192   0x2630     50 rounds    3251740.0 cycles  converged
plain pad  16 quick      n=8192   0x2350     50 rounds    1913740.0 cycles  converged
plain pad  16 bfs        n=8192   0x31f0    195 rounds    2203030.0 cycles  converged
plain pad  16 merge      n=8192   0x2440    130 rounds    3080040.0 cycles  converged
plain pad  16 heap       n=8192   0x2b80     50 rounds    2107150.0 cycles  converged
plain pad  32 bubble     n=1024   0x1c90    100 rounds    2066540.0 cycles  converged
plain pad  32 min        n=1024   0x1da0     50 rounds    1014970.0 cycles  converged
plain pad  32 insertion  n=1024   0x1f20    112 rounds     748709.0 cycles  converged
plain pad  32 shell      n=1024   0x2640     50 rounds     364341.0 cycles  converged
plain pad  32 quick      n=1024   0x2360    100 rounds     201917.0 cycles  converged
plain pad  32 bfs        n=1024   0x3200    180 rounds     242658.0 cycles  converged
plain pad  32 merge      n=1024   0x2450     50 rounds     297433.0 cycles  converged
plain pad  32 heap       n=1024   0x2b90    150 rounds     247995.0 cycles  converged
plain pad  32 bubble     n=8192   0x1c90     50 rounds  202194000.0 cycles  converged
plain pad  32 min        n=8192   0x1da0    131 rounds   52623600.0 cycles  converged
plain pad  32 insertion  n=8192   0x1f20     50 rounds   46356400.0 cycles  converged
plain pad  32 shell      n=8192   0x2640     59 rounds    4487570.0 cycles  converged
plain pad  32 quick      n=8192   0x2360     63 rounds    1978380.0 cycles  converged
plain pad  32 bfs        n=8192   0x3200    200 rounds    2314500.0 cycles  converged
plain pad  32 merge      n=8192   0x2450     65 rounds    3463650.0 cycles  converged
plain pad  32 heap       n=8192   0x2b90     57 rounds    2533020.0 cycles  converged
plain pad  48 bubble     n=1024   0x1ca0     87 rounds    2936190.0 cycles  converged
plain pad  48 min        n=1024   0x1db0    100 rounds     897989.0 cycles  converged
plain pad  48 insertion  n=1024   0x1f30     55 rounds     757365.0 cycles  converged
plain pad  48 shell      n=1024   0x2650     54 rounds     269888.0 cycles  converged
plain pad  48 quick      n=1024   0x2370    120 rounds     195415.0 cycles  converged
plain pad  48 bfs        n=1024   0x3210    120 rounds     233016.0 cycles  converged
plain pad  48 merge      n=1024   0x2460     50 rounds     259683.0 cycles  converged
plain pad  48 heap       n=1024   0x2ba0     53 rounds     213794.0 cycles  converged
plain pad  48 bubble     n=8192   0x1ca0     50 rounds  223201000.0 cycles  converged
plain pad  48 min        n=8192   0x1db0    232 rounds   46824800.0 cycles  converged
plain pad  48 insertion  n=8192   0x1f30     53 rounds   46527500.0 cycles  converged
plain pad  48 shell      n=8192   0x2650     50 rounds    3264950.0 cycles  converged
plain pad  48 quick      n=8192   0x2370     52 rounds    1926450.0 cycles  converged
plain pad  48 bfs        n=8192   0x3210     51 rounds    2226540.0 cycles  converged
plain pad  48 merge      n=8192   0x2460    113 rounds    2530460.0 cycles  converged
plain pad  48 heap       n=8192   0x2ba0    147 rounds    2118690.0 cycles  converged
plain pad  64 bubble     n=1024   0x1cb0     73 rounds    2049810.0 cycles  converged
plain pad  64 min        n=1024   0x1dc0    100 rounds    1018640.0 cycles  converged
plain pad  64 insertion  n=1024   0x1f40     81 rounds     748583.0 cycles  converged
plain pad  64 shell      n=1024   0x2660    182 rounds     372719.0 cycles  converged
plain pad  64 quick      n=1024   0x2380    190 rounds     200583.0 cycles  converged
plain pad  64 bfs        n=1024   0x3220    100 rounds     243039.0 cycles  converged
plain pad  64 merge      n=1024   0x2470     50 rounds     263708.0 cycles  converged
plain pad  64 heap       n=1024   0x2bb0    130 rounds     244405.0 cycles  converged
plain pad  64 bubble     n=8192   0x1cb0    100 rounds  198467000.0 cycles  converged
plain pad  64 min        n=8192   0x1dc0    200 rounds   52647000.0 cycles  converged
plain pad  64 insertion  n=8192   0x1f40    114 rounds   46378900.0 cycles  converged
plain pad  64 shell      n=8192   0x2660     50 rounds    4573400.0 cycles  converged
plain pad  64 quick      n=8192   0x2380    150 rounds    1965820.0 cycles  converged
plain pad  64 bfs        n=8192   0x3220     52 rounds    2307430.0 cycles  converged
plain pad  64 merge      n=8192   0x2470    113 rounds    3157960.0 cycles  converged
plain pad  64 heap       n=8192   0x2bb0     50 rounds    2504730.0 cycles  converged
plain pad  80 bubble     n=1024   0x1cc0    192 rounds    3067890.0 cycles  converged
plain pad  80 min        n=1024   0x1dd0     50 rounds     909711.0 cycles  converged
plain pad  80 insertion  n=1024   0x1f50     77 rounds     756441.0 cycles  converged
plain pad  80 shell      n=1024   0x2670    212 rounds     268552.0 cycles  converged
plain pad  80 quick      n=1024   0x2390     50 rounds     194203.0 cycles  converged
plain pad  80 bfs        n=1024   0x3230    170 rounds     232249.0 cycles  converged
plain pad  80 merge      n=1024   0x2480     50 rounds     262099.0 cycles  converged
plain pad  80 heap       n=1024   0x2bc0     50 rounds     213128.0 cycles  converged
plain pad  80 bubble     n=8192   0x1cc0     53 rounds  224933000.0 cycles  converged
plain pad  80 min        n=8192   0x1dd0     81 rounds   46833600.0 cycles  converged
plain pad  80 insertion  n=8192   0x1f50     66 rounds   46464400.0 cycles  converged
plain pad  80 shell      n=8192   0x2670     50 rounds    3247580.0 cycles  converged
plain pad  80 quick      n=8192   0x2390     50 rounds    1915940.0 cycles  converged
plain pad  80 bfs        n=8192   0x3230    150 rounds    2206330.0 cycles  converged
plain pad  80 merge      n=8192   0x2480    108 rounds    2879280.0 cycles  converged
plain pad  80 heap       n=8192   0x2bc0    118 rounds    2109320.0 cycles  converged
plain pad  96 bubble     n=1024   0x1cd0     50 rounds    2077600.0 cycles  converged
plain pad  96 min        n=1024   0x1de0    140 rounds    1016380.0 cycles  converged
plain pad  96 insertion  n=1024   0x1f60    148 rounds     750149.0 cycles  converged
plain pad  96 shell      n=1024   0x2680    150 rounds     364226.0 cycles  converged
plain pad  96 quick      n=1024   0x23a0     50 rounds     201312.0 cycles  converged
plain pad  96 bfs        n=1024   0x3240     50 rounds     243941.0 cycles  converged
plain pad  96 merge      n=1024   0x2490     50 rounds     300315.0 cycles  converged
plain pad  96 heap       n=1024   0x2bd0    144 rounds     247670.0 cycles  converged
plain pad  96 bubble     n=8192   0x1cd0    150 rounds  202403000.0 cycles  converged
plain pad  96 min        n=8192   0x1de0     72 rounds   52614400.0 cycles  converged
plain pad  96 insertion  n=8192   0x1f60     50 rounds   46399800.0 cycles  converged
plain pad  96 shell      n=8192   0x2680    100 rounds    4473890.0 cycles  converged
plain pad  96 quick      n=8192   0x23a0     56 rounds    1971020.0 cycles  converged
plain pad  96 bfs        n=8192   0x3240     50 rounds    2329960.0 cycles  converged
plain pad  96 merge      n=8192   0x2490    150 rounds    3591120.0 cycles  converged
plain pad  96 heap       n=8192   0x2bd0    100 rounds    2532200.0 cycles  converged
plain pad 112 bubble     n=1024   0x1ce0     80 rounds    2928940.0 cycles  converged
plain pad 112 min        n=1024   0x1df0     50 rounds     897769.0 cycles  converged
plain pad 112 insertion  n=1024   0x1f70    200 rounds     757296.0 cycles  converged
plain pad 112 shell      n=1024   0x2690     50 rounds     269881.0 cycles  converged
plain pad 112 quick      n=1024   0x23b0     57 rounds     195788.0 cycles  converged
plain pad 112 bfs        n=1024   0x3250     50 rounds     232293.0 cycles  converged
plain pad 112 merge      n=1024   0x24a0     62 rounds     266232.0 cycles  converged
plain pad 112 heap       n=1024   0x2be0     50 rounds     212994.0 cycles  converged
plain pad 112 bubble     n=8192   0x1ce0    100 rounds  222678000.0 cycles  converged
plain pad 112 min        n=8192   0x1df0     50 rounds   46676100.0 cycles  converged
plain pad 112 insertion  n=8192   0x1f70     50 rounds   46459900.0 cycles  converged
plain pad 112 shell      n=8192   0x2690     58 rounds    3263190.0 cycles  converged
plain pad 112 quick      n=8192   0x23b0     50 rounds    1925370.0 cycles  converged
plain pad 112 bfs        n=8192   0x3250     55 rounds    2209190.0 cycles  converged
plain pad 112 merge      n=8192   0x24a0    124 rounds    3077580.0 cycles  converged
plain pad 112 heap       n=8192   0x2be0    100 rounds    2113270.0 cycles  converged
jcc   pad   0 bubble     n=1024   0x1c80     55 rounds    3065870.0 cycles  converged
jcc   pad   0 min        n=1024   0x1da0     50 rounds     974124.0 cycles  converged
jcc   pad   0 insertion  n=1024   0x1f20     85 rounds     749162.0 cycles  converged
jcc   pad   0 shell      n=1024   0x2680     50 rounds     275789.0 cycles  converged
jcc   pad   0 quick      n=1024   0x2380    100 rounds     196259.0 cycles  converged
jcc   pad   0 bfs        n=1024   0x32d0    222 rounds     233816.0 cycles  converged
jcc   pad   0 merge      n=1024   0x2480    200 rounds     261935.0 cycles  converged
jcc   pad   0 heap       n=1024   0x2c00    114 rounds     197491.0 cycles  converged
jcc   pad   0 bubble     n=8192   0x1c80     50 rounds  225368000.0 cycles  converged
jcc   pad   0 min        n=8192   0x1da0     50 rounds   52177100.0 cycles  converged
jcc   pad   0 insertion  n=8192   0x1f20    102 rounds   46365800.0 cycles  converged
jcc   pad   0 shell      n=8192   0x2680    620 rounds    3345910.0 cycles  converged
jcc   pad   0 quick      n=8192   0x2380    131 rounds    1933780.0 cycles  converged
jcc   pad   0 bfs        n=8192   0x32d0     50 rounds    2205210.0 cycles  converged
jcc   pad   0 merge      n=8192   0x2480     50 rounds    2565620.0 cycles  converged
jcc   pad   0 heap       n=8192   0x2c00     50 rounds    2006290.0 cycles  converged
jcc   pad  16 bubble     n=1024   0x1c80    100 rounds    3071780.0 cycles  converged
jcc   pad  16 min        n=1024   0x1da0     99 rounds     975267.0 cycles  converged
jcc   pad  16 insertion  n=1024   0x1f20    228 rounds     748950.0 cycles  converged
jcc   pad  16 shell      n=1024   0x2680    150 rounds     275586.0 cycles  converged
jcc   pad  16 quick      n=1024   0x2380    100 rounds     196441.0 cycles  converged
jcc   pad  16 bfs        n=1024   0x32d0     50 rounds     232065.0 cycles  converged
jcc   pad  16 merge      n=1024   0x2480     50 rounds     256284.0 cycles  converged
jcc   pad  16 heap       n=1024   0x2c00     50 rounds     197494.0 cycles  converged
jcc   pad  16 bubble     n=8192   0x1c80     50 rounds  225581000.0 cycles  converged
jcc   pad  16 min        n=8192   0x1da0    300 rounds   52203300.0 cycles  converged
jcc   pad  16 insertion  n=8192   0x1f20     67 rounds   46329900.0 cycles  converged
jcc   pad  16 shell      n=8192   0x2680    100 rounds    3341880.0 cycles  converged
jcc   pad  16 quick      n=8192   0x2380    100 rounds    1940700.0 cycles  converged
jcc   pad  16 bfs        n=8192   0x32d0     50 rounds    2218570.0 cycles  converged
jcc   pad  16 merge      n=8192   0x2480     71 rounds    2604840.0 cycles  converged
jcc   pad  16 heap       n=8192   0x2c00     97 rounds    2008930.0 cycles  converged
jcc   pad  32 bubble     n=1024   0x1ca0     88 rounds    2934650.0 cycles  converged
jcc   pad  32 min        n=1024   0x1dc0     50 rounds     977368.0 cycles  converged
jcc   pad  32 insertion  n=1024   0x1f40    100 rounds     749271.0 cycles  converged
jcc   pad  32 shell      n=1024   0x26a0    100 rounds     276647.0 cycles  converged
jcc   pad  32 quick      n=1024   0x23a0     56 rounds     196492.0 cycles  converged
jcc   pad  32 bfs        n=1024   0x32f0     50 rounds     232716.0 cycles  converged
jcc   pad  32 merge      n=1024   0x24a0     50 rounds     260678.0 cycles  converged
jcc   pad  32 heap       n=1024   0x2c20    108 rounds     198465.0 cycles  converged
jcc   pad  32 bubble     n=8192   0x1ca0     59 rounds  222860000.0 cycles  converged
jcc   pad  32 min        n=8192   0x1dc0     87 rounds   52192300.0 cycles  converged
jcc   pad  32 insertion  n=8192   0x1f40     50 rounds   46356200.0 cycles  converged
jcc   pad  32 shell      n=8192   0x26a0     50 rounds    3358200.0 cycles  converged
jcc   pad  32 quick      n=8192   0x23a0    100 rounds    1943110.0 cycles  converged
jcc   pad  32 bfs        n=8192   0x32f0    181 rounds    2226730.0 cycles  converged
jcc   pad  32 merge      n=8192   0x24a0    150 rounds    2608270.0 cycles  converged
jcc   pad  32 heap       n=8192   0x2c20     50 rounds    2019070.0 cycles  converged
jcc   pad  48 bubble     n=1024   0x1ca0    120 rounds    2936540.0 cycles  converged
jcc   pad  48 min        n=1024   0x1dc0    100 rounds     978597.0 cycles  converged
jcc   pad  48 insertion  n=1024   0x1f40     50 rounds     751530.0 cycles  converged
jcc   pad  48 shell      n=1024   0x26a0    121 rounds     276523.0 cycles  converged
jcc   pad  48 quick      n=1024   0x23a0     50 rounds     196419.0 cycles  converged
jcc   pad  48 bfs        n=1024   0x32f0     50 rounds     233706.0 cycles  converged
jcc   pad  48 merge      n=1024   0x24a0     73 rounds     258183.0 cycles  converged
jcc   pad  48 heap       n=1024   0x2c20     50 rounds     198515.0 cycles  converged
jcc   pad  48 bubble     n=8192   0x1ca0     50 rounds  222751000.0 cycles  converged
jcc   pad  48 min        n=8192   0x1dc0    242 rounds   52190400.0 cycles  converged
jcc   pad  48 insertion  n=8192   0x1f40     50 rounds   46444600.0 cycles  converged
jcc   pad  48 shell      n=8192   0x26a0     60 rounds    3358850.0 cycles  converged
jcc   pad  48 quick      n=8192   0x23a0     50 rounds    1937550.0 cycles  converged
jcc   pad  48 bfs        n=8192   0x32f0     50 rounds    2209460.0 cycles  converged
jcc   pad  48 merge      n=8192   0x24a0    107 rounds    2857470.0 cycles  converged
jcc   pad  48 heap       n=8192   0x2c20    121 rounds    2013080.0 cycles  converged
jcc   pad  64 bubble     n=1024   0x1cc0    150 rounds    3079010.0 cycles  converged
jcc   pad  64 min        n=1024   0x1de0     50 rounds     974126.0 cycles  converged
jcc   pad  64 insertion  n=1024   0x1f60    100 rounds     749617.0 cycles  converged
jcc   pad  64 shell      n=1024   0x26c0     50 rounds     276600.0 cycles  converged
jcc   pad  64 quick      n=1024   0x23c0     61 rounds     197529.0 cycles  converged
jcc   pad  64 bfs        n=1024   0x3310     60 rounds     235284.0 cycles  converged
jcc   pad  64 merge      n=1024   0x24c0     50 rounds     264567.0 cycles  converged
jcc   pad  64 heap       n=1024   0x2c40     50 rounds     197072.0 cycles  converged
jcc   pad  64 bubble     n=8192   0x1cc0     50 rounds  224915000.0 cycles  converged
jcc   pad  64 min        n=8192   0x1de0    119 rounds   52189700.0 cycles  converged
jcc   pad  64 insertion  n=8192   0x1f60     51 rounds   46488400.0 cycles  converged
jcc   pad  64 shell      n=8192   0x26c0    399 rounds    3351190.0 cycles  converged
jcc   pad  64 quick      n=8192   0x23c0     54 rounds    1933950.0 cycles  converged
jcc   pad  64 bfs        n=8192   0x3310     50 rounds    2202470.0 cycles  converged
jcc   pad  64 merge      n=8192   0x24c0    144 rounds    2795610.0 cycles  converged
jcc   pad  64 heap       n=8192   0x2c40     50 rounds    2003990.0 cycles  converged
jcc   pad  80 bubble     n=1024   0x1cc0     54 rounds    3071790.0 cycles  converged
jcc   pad  80 min        n=1024   0x1de0     80 rounds     973260.0 cycles  converged
jcc   pad  80 insertion  n=1024   0x1f60     51 rounds     748013.0 cycles  converged
jcc   pad  80 shell      n=1024   0x26c0    100 rounds     276316.0 cycles  converged
jcc   pad  80 quick      n=1024   0x23c0     50 rounds     197489.0 cycles  converged
jcc   pad  80 bfs        n=1024   0x3310     50 rounds     234677.0 cycles  converged
jcc   pad  80 merge      n=1024   0x24c0    150 rounds     269944.0 cycles  converged
jcc   pad  80 heap       n=1024   0x2c40     82 rounds     197687.0 cycles  converged
jcc   pad  80 bubble     n=8192   0x1cc0    100 rounds  225594000.0 cycles  converged
jcc   pad  80 min        n=8192   0x1de0     50 rounds   52172200.0 cycles  converged
jcc   pad  80 insertion  n=8192   0x1f60     50 rounds   46459200.0 cycles  converged
jcc   pad  80 shell      n=8192   0x26c0    100 rounds    3351850.0 cycles  converged
jcc   pad  80 quick      n=8192   0x23c0     50 rounds    1948440.0 cycles  converged
jcc   pad  80 bfs        n=8192   0x3310    100 rounds    2212600.0 cycles  converged
jcc   pad  80 merge      n=8192   0x24c0    112 rounds    2858000.0 cycles  converged
jcc   pad  80 heap       n=8192   0x2c40     50 rounds    2004310.0 cycles  converged
jcc   pad  96 bubble     n=1024   0x1ce0     50 rounds    2930420.0 cycles  converged
jcc   pad  96 min        n=1024   0x1e00     50 rounds     976171.0 cycles  converged
jcc   pad  96 insertion  n=1024   0x1f80     50 rounds     747896.0 cycles  converged
jcc   pad  96 shell      n=1024   0x26e0     61 rounds     277260.0 cycles  converged
jcc   pad  96 quick      n=1024   0x23e0     50 rounds     197173.0 cycles  converged
jcc   pad  96 bfs        n=1024   0x3330     50 rounds     233712.0 cycles  converged
jcc   pad  96 merge      n=1024   0x24e0    150 rounds     267381.0 cycles  converged
jcc   pad  96 heap       n=1024   0x2c60    200 rounds     198105.0 cycles  converged
jcc   pad  96 bubble     n=8192   0x1ce0    250 rounds  222953000.0 cycles  converged
jcc   pad  96 min        n=8192   0x1e00     67 rounds   52267900.0 cycles  converged
jcc   pad  96 insertion  n=8192   0x1f80     50 rounds   46522100.0 cycles  converged
jcc   pad  96 shell      n=8192   0x26e0     55 rounds    3364480.0 cycles  converged
jcc   pad  96 quick      n=8192   0x23e0     50 rounds    1932650.0 cycles  converged
jcc   pad  96 bfs        n=8192   0x3330     55 rounds    2219560.0 cycles  converged
jcc   pad  96 merge      n=8192   0x24e0     51 rounds    2559500.0 cycles  converged
jcc   pad  96 heap       n=8192   0x2c60     50 rounds    2011020.0 cycles  converged
jcc   pad 112 bubble     n=1024   0x1ce0     50 rounds    2925380.0 cycles  converged
jcc   pad 112 min        n=1024   0x1e00     50 rounds     977693.0 cycles  converged
jcc   pad 112 insertion  n=1024   0x1f80    148 rounds     749029.0 cycles  converged
jcc   pad 112 shell      n=1024   0x26e0     50 rounds     277051.0 cycles  converged
jcc   pad 112 quick      n=1024   0x23e0    100 rounds     197101.0 cycles  converged
jcc   pad 112 bfs        n=1024   0x3330     50 rounds     233560.0 cycles  converged
jcc   pad 112 merge      n=1024   0x24e0     52 rounds     264257.0 cycles  converged
jcc   pad 112 heap       n=1024   0x2c60    321 rounds     198367.0 cycles  converged
jcc   pad 112 bubble     n=8192   0x1ce0     50 rounds  222708000.0 cycles  converged
jcc   pad 112 min        n=8192   0x1e00     89 rounds   52209900.0 cycles  converged
jcc   pad 112 insertion  n=8192   0x1f80     52 rounds   46392000.0 cycles  converged
jcc   pad 112 shell      n=8192   0x26e0     50 rounds    3364100.0 cycles  converged
jcc   pad 112 quick      n=8192   0x23e0    297 rounds    1933120.0 cycles  converged
jcc   pad 112 bfs        n=8192   0x3330     51 rounds    2218590.0 cycles  converged
jcc   pad 112 merge      n=8192   0x24e0    168 rounds    2909550.0 cycles  converged
jcc   pad 112 heap       n=8192   0x2c60     50 rounds    2008240.0 cycles  converged
