quick      n=2             50 rounds            13.7 ns  +- 0.8%  converged
quicki     n=2             50 rounds            99.9 ns  +- 0.2%  converged
bfs        n=2             50 rounds            38.7 ns  +- 0.2%  converged
merge      n=2             50 rounds            31.3 ns  +- 0.4%  converged
heap       n=2             56 rounds            13.9 ns  +- 0.2%  converged
min        n=2             50 rounds            13.1 ns  +- 0.4%  converged
bubble     n=2             50 rounds             8.3 ns  +- 0.2%  converged
shaker     n=2             50 rounds            10.2 ns  +- 0.1%  converged
insertion  n=2             50 rounds             7.2 ns  +- 0.1%  converged
binsert    n=2             50 rounds             9.4 ns  +- 0.2%  converged
shell      n=2             50 rounds            68.2 ns  +- 0.5%  converged
quick      n=3             50 rounds            26.0 ns  +- 0.4%  converged
quicki     n=3             50 rounds           122.9 ns  +- 0.8%  converged
bfs        n=3             81 rounds            59.3 ns  +- 0.6%  converged
merge      n=3             60 rounds            62.6 ns  +- 0.3%  converged
heap       n=3             50 rounds            23.7 ns  +- 1.7%  converged
min        n=3             50 rounds            26.4 ns  +- 0.3%  converged
bubble     n=3            100 rounds            15.7 ns  +- 0.4%  converged
shaker     n=3             50 rounds            18.9 ns  +- 0.4%  converged
insertion  n=3             50 rounds            14.6 ns  +- 0.6%  converged
binsert    n=3             50 rounds            19.6 ns  +- 0.7%  converged
shell      n=3             78 rounds            77.2 ns  +- 0.4%  converged
quick      n=4             50 rounds            39.5 ns  +- 0.4%  converged
quicki     n=4             50 rounds           143.2 ns  +- 0.3%  converged
bfs        n=4             50 rounds            82.4 ns  +- 1.4%  converged
merge      n=4             59 rounds           109.2 ns  +- 5.0%  converged
heap       n=4            100 rounds            37.7 ns  +- 0.7%  converged
min        n=4            300 rounds            35.4 ns  +- 0.1%  converged
bubble     n=4            150 rounds            23.9 ns  +- 0.2%  converged
shaker     n=4             83 rounds            31.2 ns  +- 0.3%  converged
insertion  n=4            100 rounds            23.3 ns  +- 0.4%  converged
binsert    n=4             50 rounds            33.0 ns  +- 0.3%  converged
shell      n=4            171 rounds            88.2 ns  +- 0.2%  converged
quick      n=6             50 rounds            76.5 ns  +- 0.6%  converged
quicki     n=6             77 rounds           197.9 ns  +- 0.3%  converged
bfs        n=6             50 rounds           135.7 ns  +- 0.3%  converged
merge      n=6            151 rounds           167.9 ns  +- 0.2%  converged
heap       n=6            100 rounds            70.0 ns  +- 0.3%  converged
min        n=6            100 rounds            63.6 ns  +- 0.2%  converged
bubble     n=6             50 rounds            54.8 ns  +- 0.5%  converged
shaker     n=6             50 rounds            60.6 ns  +- 0.2%  converged
insertion  n=6             50 rounds            45.2 ns  +- 0.6%  converged
binsert    n=6            136 rounds            63.5 ns  +- 0.2%  converged
shell      n=6             50 rounds           114.4 ns  +- 0.9%  converged
quick      n=8             50 rounds           128.4 ns  +- 0.4%  converged
quicki     n=8            200 rounds           265.9 ns  +- 0.5%  converged
bfs        n=8            115 rounds           216.4 ns  +- 0.4%  converged
merge      n=8             50 rounds           244.6 ns  +- 0.4%  converged
heap       n=8             50 rounds           109.8 ns  +- 0.4%  converged
min        n=8             50 rounds           101.3 ns  +- 0.4%  converged
bubble     n=8             50 rounds           104.3 ns  +- 0.5%  converged
shaker     n=8             50 rounds           107.2 ns  +- 0.7%  converged
insertion  n=8             50 rounds            70.9 ns  +- 0.5%  converged
binsert    n=8             50 rounds           106.6 ns  +- 0.4%  converged
shell      n=8             50 rounds           157.6 ns  +- 0.2%  converged
quick      n=11            50 rounds           220.7 ns  +- 0.3%  converged
quicki     n=11            79 rounds           388.4 ns  +- 0.2%  converged
bfs        n=11            50 rounds           347.1 ns  +- 0.5%  converged
merge      n=11            50 rounds           374.0 ns  +- 0.3%  converged
heap       n=11            50 rounds           185.9 ns  +- 0.1%  converged
min        n=11            50 rounds           190.2 ns  +- 0.1%  converged
bubble     n=11            50 rounds           203.1 ns  +- 0.5%  converged
shaker     n=11            50 rounds           210.0 ns  +- 0.2%  converged
insertion  n=11           650 rounds           110.2 ns  +- 0.3%  converged
binsert    n=11            50 rounds           183.2 ns  +- 0.4%  converged
shell      n=11            87 rounds           231.9 ns  +- 0.2%  converged
quick      n=16            50 rounds           389.5 ns  +- 0.3%  converged
quicki     n=16           150 rounds           591.4 ns  +- 0.2%  converged
bfs        n=16            61 rounds           570.0 ns  +- 1.4%  converged
merge      n=16           118 rounds           591.7 ns  +- 0.1%  converged
heap       n=16            50 rounds           342.8 ns  +- 0.3%  converged
min        n=16           150 rounds           388.1 ns  +- 0.2%  converged
bubble     n=16            98 rounds           424.8 ns  +- 0.3%  converged
shaker     n=16           100 rounds           427.8 ns  +- 0.6%  converged
insertion  n=16            78 rounds           183.2 ns  +- 0.2%  converged
binsert    n=16           114 rounds           345.8 ns  +- 0.4%  converged
shell      n=16           100 rounds           368.8 ns  +- 0.2%  converged
quick      n=23            50 rounds           637.8 ns  +- 0.3%  converged
quicki     n=23           150 rounds           900.9 ns  +- 0.2%  converged
bfs        n=23            50 rounds           883.8 ns  +- 0.4%  converged
merge      n=23            62 rounds           931.4 ns  +- 0.6%  converged
heap       n=23            58 rounds           582.0 ns  +- 3.3%  converged
min        n=23            82 rounds           694.2 ns  +- 0.2%  converged
bubble     n=23           150 rounds           834.4 ns  +- 0.2%  converged
shaker     n=23           150 rounds           814.4 ns  +- 0.2%  converged
insertion  n=23            53 rounds           299.6 ns  +- 0.2%  converged
binsert    n=23            50 rounds           630.9 ns  +- 0.2%  converged
shell      n=23            50 rounds           575.4 ns  +- 0.2%  converged
quick      n=32            55 rounds           970.6 ns  +- 0.7%  converged
quicki     n=32            50 rounds          1311.9 ns  +- 0.2%  converged
bfs        n=32            50 rounds          1295.9 ns  +- 0.3%  converged
merge      n=32            50 rounds          1360.4 ns  +- 0.1%  converged
heap       n=32            53 rounds           903.7 ns  +- 0.4%  converged
min        n=32            50 rounds          1129.2 ns  +- 0.2%  converged
bubble     n=32            86 rounds          1539.5 ns  +- 0.3%  converged
bubble is slower than merge at n=32, and is stopped
shaker     n=32            50 rounds          1479.5 ns  +- 0.1%  converged
shaker is slower than merge at n=32, and is stopped
insertion  n=32            50 rounds           474.2 ns  +- 0.3%  converged
binsert    n=32           100 rounds          1028.4 ns  +- 0.1%  converged
shell      n=32            50 rounds           875.8 ns  +- 0.7%  converged
quick      n=45           100 rounds          1465.9 ns  +- 0.2%  converged
quicki     n=45            51 rounds          1976.5 ns  +- 0.1%  converged
bfs        n=45            90 rounds          1926.2 ns  +- 0.6%  converged
merge      n=45           104 rounds          2062.7 ns  +- 0.1%  converged
heap       n=45           114 rounds          1397.2 ns  +- 0.1%  converged
min        n=45           150 rounds          1826.2 ns  +- 0.2%  converged
insertion  n=45            50 rounds           777.5 ns  +- 0.2%  converged
binsert    n=45           167 rounds          1654.9 ns  +- 0.1%  converged
shell      n=45           132 rounds          1353.4 ns  +- 0.2%  converged
quick      n=64            50 rounds          2234.0 ns  +- 0.6%  converged
quicki     n=64           174 rounds          2902.6 ns  +- 0.3%  converged
bfs        n=64            50 rounds          2871.2 ns  +- 0.8%  converged
merge      n=64            50 rounds          3044.0 ns  +- 0.5%  converged
heap       n=64           111 rounds          2179.7 ns  +- 0.4%  converged
min        n=64           114 rounds          2998.2 ns  +- 0.2%  converged
insertion  n=64            50 rounds          1334.6 ns  +- 0.3%  converged
binsert    n=64            62 rounds          2649.4 ns  +- 0.2%  converged
shell      n=64           106 rounds          2105.9 ns  +- 0.1%  converged
quick      n=91           122 rounds          3353.6 ns  +- 0.1%  converged
quicki     n=91           144 rounds          4264.2 ns  +- 0.1%  converged
bfs        n=91            50 rounds          4287.8 ns  +- 1.2%  converged
merge      n=91            53 rounds          4670.0 ns  +- 0.6%  converged
heap       n=91           100 rounds          3335.3 ns  +- 0.1%  converged
min        n=91            50 rounds          4947.9 ns  +- 0.6%  converged
min is slower than merge at n=91, and is stopped
insertion  n=91            54 rounds          2376.0 ns  +- 0.7%  converged
binsert    n=91            68 rounds          4216.0 ns  +- 0.3%  converged
shell      n=91           150 rounds          3350.9 ns  +- 0.5%  converged
quick      n=128          127 rounds          4987.7 ns  +- 0.3%  converged
quicki     n=128           50 rounds          6250.3 ns  +- 0.3%  converged
bfs        n=128           51 rounds          6220.2 ns  +- 0.5%  converged
merge      n=128           57 rounds          6719.2 ns  +- 0.2%  converged
heap       n=128          250 rounds          5074.0 ns  +- 0.2%  converged
insertion  n=128          122 rounds          4177.4 ns  +- 0.3%  converged
binsert    n=128          100 rounds          6496.5 ns  +- 0.7%  converged
shell      n=128           50 rounds          5166.2 ns  +- 0.6%  converged
quick      n=181           50 rounds          7411.8 ns  +- 0.3%  converged
quicki     n=181          200 rounds          9125.0 ns  +- 0.3%  converged
bfs        n=181           50 rounds          9355.5 ns  +- 1.5%  converged
merge      n=181           69 rounds         10239.3 ns  +- 1.6%  converged
heap       n=181          200 rounds          7744.6 ns  +- 0.2%  converged
insertion  n=181           50 rounds          7724.2 ns  +- 0.8%  converged
binsert    n=181           50 rounds          9971.2 ns  +- 0.2%  converged
shell      n=181           97 rounds          8071.4 ns  +- 0.4%  converged
quick      n=256          122 rounds         10999.2 ns  +- 0.4%  converged
quicki     n=256           50 rounds         13681.4 ns  +- 1.5%  converged
bfs        n=256           50 rounds         13597.0 ns  +- 0.4%  converged
merge      n=256           50 rounds         14890.4 ns  +- 2.8%  converged
heap       n=256           50 rounds         11660.7 ns  +- 0.2%  converged
insertion  n=256           50 rounds         14418.1 ns  +- 0.8%  converged
binsert    n=256           93 rounds         15662.8 ns  +- 2.3%  converged
shell      n=256          454 rounds         12476.7 ns  +- 0.1%  converged
quick      n=362           79 rounds         16256.6 ns  +- 0.3%  converged
quicki     n=362           50 rounds         19495.6 ns  +- 0.3%  converged
bfs        n=362           50 rounds         19753.9 ns  +- 0.6%  converged
merge      n=362          174 rounds         21987.4 ns  +- 0.1%  converged
heap       n=362           50 rounds         17388.3 ns  +- 0.2%  converged
insertion  n=362           50 rounds         27368.4 ns  +- 0.5%  converged
insertion is slower than merge at n=362, and is stopped
binsert    n=362           50 rounds         23902.1 ns  +- 0.2%  converged
binsert is slower than merge at n=362, and is stopped
shell      n=362          200 rounds         19391.0 ns  +- 0.2%  converged
quick      n=512           50 rounds         23919.7 ns  +- 0.2%  converged
quicki     n=512           50 rounds         28510.2 ns  +- 0.3%  converged
bfs        n=512           50 rounds         28714.6 ns  +- 0.1%  converged
merge      n=512          168 rounds         31811.7 ns  +- 0.5%  converged
heap       n=512           50 rounds         25901.5 ns  +- 0.2%  converged
shell      n=512           62 rounds         29930.8 ns  +- 0.3%  converged
quick      n=724           61 rounds         35345.6 ns  +- 0.4%  converged
quicki     n=724          159 rounds         41676.0 ns  +- 0.2%  converged
bfs        n=724           50 rounds         41972.8 ns  +- 0.2%  converged
merge      n=724           67 rounds         47505.9 ns  +- 0.3%  converged
heap       n=724          100 rounds         38085.9 ns  +- 0.1%  converged
shell      n=724          100 rounds         46090.7 ns  +- 0.2%  converged
quick      n=1024          50 rounds         51918.0 ns  +- 0.5%  converged
quicki     n=1024          94 rounds         61036.3 ns  +- 0.4%  converged
bfs        n=1024          97 rounds         61134.1 ns  +- 0.2%  converged
merge      n=1024          50 rounds         68230.6 ns  +- 0.4%  converged
heap       n=1024          50 rounds         57145.2 ns  +- 1.0%  converged
shell      n=1024          50 rounds         71618.8 ns  +- 0.5%  converged
shell is slower than merge at n=1024, and is stopped
quick      n=1448          50 rounds         76634.7 ns  +- 0.8%  converged
quicki     n=1448          50 rounds         89020.5 ns  +- 0.4%  converged
bfs        n=1448          63 rounds         89468.9 ns  +- 0.5%  converged
merge      n=1448          50 rounds        103856.0 ns  +- 2.3%  converged
heap       n=1448         100 rounds         82942.0 ns  +- 0.3%  converged
quick      n=2048         202 rounds        111690.0 ns  +- 0.9%  converged
quicki     n=2048         168 rounds        129424.0 ns  +- 0.3%  converged
bfs        n=2048          67 rounds        129812.0 ns  +- 0.3%  converged
merge      n=2048          50 rounds        145316.0 ns  +- 0.2%  converged
heap       n=2048          50 rounds        122069.0 ns  +- 0.8%  converged
quick      n=2896         100 rounds        162751.0 ns  +- 0.2%  converged
quicki     n=2896          50 rounds        188365.0 ns  +- 0.5%  converged
bfs        n=2896         150 rounds        188963.0 ns  +- 0.2%  converged
merge      n=2896         100 rounds        216302.0 ns  +- 0.2%  converged
heap       n=2896         150 rounds        177694.0 ns  +- 0.3%  converged
quick      n=4096         196 rounds        237672.0 ns  +- 0.2%  converged
quicki     n=4096          50 rounds        273130.0 ns  +- 0.4%  converged
bfs        n=4096          55 rounds        274230.0 ns  +- 0.3%  converged
merge      n=4096          50 rounds        309276.0 ns  +- 0.2%  converged
heap       n=4096          50 rounds        260970.0 ns  +- 0.4%  converged
quick      n=5793         100 rounds        346253.0 ns  +- 0.2%  converged
quicki     n=5793         100 rounds        396107.0 ns  +- 0.1%  converged
bfs        n=5793         110 rounds        399377.0 ns  +- 0.3%  converged
merge      n=5793          74 rounds        459516.0 ns  +- 0.2%  converged
heap       n=5793          50 rounds        379898.0 ns  +- 0.1%  converged
quick      n=8192          89 rounds        504567.0 ns  +- 0.1%  converged
quicki     n=8192          50 rounds        576660.0 ns  +- 0.3%  converged
bfs        n=8192          54 rounds        585588.0 ns  +- 0.1%  converged
merge      n=8192          50 rounds        653960.0 ns  +- 0.1%  converged
heap       n=8192          50 rounds        559359.0 ns  +- 0.6%  converged
quick      n=11585        118 rounds        735122.0 ns  +- 0.3%  converged
quicki     n=11585        109 rounds        834738.0 ns  +- 0.2%  converged
bfs        n=11585         50 rounds        849842.0 ns  +- 0.2%  converged
merge      n=11585         50 rounds        970512.0 ns  +- 0.2%  converged
heap       n=11585         50 rounds        817708.0 ns  +- 0.1%  converged
quick      n=16384         53 rounds       1064600.0 ns  +- 0.2%  converged
quicki     n=16384         50 rounds       1210290.0 ns  +- 0.4%  converged
bfs        n=16384         79 rounds       1228880.0 ns  +- 0.1%  converged
merge      n=16384         50 rounds       1388510.0 ns  +- 0.5%  converged
heap       n=16384         66 rounds       1202030.0 ns  +- 0.2%  converged
quick      n=23170         50 rounds       1553670.0 ns  +- 0.2%  converged
quicki     n=23170         67 rounds       1782090.0 ns  +- 3.5%  converged
bfs        n=23170        500 rounds       1823350.0 ns  +- 4.7%  converged
merge      n=23170         99 rounds       2100850.0 ns  +- 0.3%  converged
heap       n=23170         50 rounds       1768300.0 ns  +- 0.8%  converged
quick      n=32768         52 rounds       2251600.0 ns  +- 0.4%  converged
quicki     n=32768        116 rounds       2541610.0 ns  +- 0.3%  converged
bfs        n=32768         50 rounds       2651640.0 ns  +- 0.2%  converged
merge      n=32768         55 rounds       2985310.0 ns  +- 0.1%  converged
heap       n=32768         50 rounds       2583410.0 ns  +- 0.3%  converged
quick      n=46341         63 rounds       3265330.0 ns  +- 0.4%  converged
quicki     n=46341         78 rounds       3671500.0 ns  +- 0.4%  converged
bfs        n=46341        100 rounds       3825320.0 ns  +- 0.2%  converged
merge      n=46341         50 rounds       4389270.0 ns  +- 0.2%  converged
heap       n=46341         51 rounds       3771440.0 ns  +- 0.1%  converged
quick      n=65536         50 rounds       4740440.0 ns  +- 0.2%  converged
quicki     n=65536         50 rounds       5293360.0 ns  +- 0.3%  converged
bfs        n=65536         50 rounds       5524180.0 ns  +- 0.2%  converged
merge      n=65536         50 rounds       6287580.0 ns  +- 0.5%  converged
heap       n=65536         50 rounds       5570870.0 ns  +- 0.3%  converged
quick      n=92682         50 rounds       6885850.0 ns  +- 0.5%  converged
quicki     n=92682         52 rounds       7689230.0 ns  +- 0.9%  converged
bfs        n=92682        200 rounds       8032120.0 ns  +- 0.4%  converged
merge      n=92682         62 rounds       9203220.0 ns  +- 0.3%  converged
heap       n=92682         50 rounds       8175250.0 ns  +- 0.3%  converged
quick      n=131072        50 rounds       9955290.0 ns  +- 0.3%  converged
quicki     n=131072       100 rounds      11052900.0 ns  +- 0.2%  converged
bfs        n=131072       100 rounds      11526500.0 ns  +- 0.2%  converged
merge      n=131072        51 rounds      13154700.0 ns  +- 0.1%  converged
heap       n=131072       100 rounds      12295300.0 ns  +- 3.3%  converged
quick      n=185364        53 rounds      14335500.0 ns  +- 0.2%  converged
quicki     n=185364        99 rounds      16002200.0 ns  +- 0.2%  converged
bfs        n=185364       100 rounds      16663200.0 ns  +- 0.2%  converged
merge      n=185364        62 rounds      19713000.0 ns  +- 3.7%  converged
heap       n=185364        50 rounds      18167300.0 ns  +- 4.0%  converged
quick      n=262144        50 rounds      20781300.0 ns  +- 0.3%  converged
quicki     n=262144        50 rounds      23006600.0 ns  +- 0.2%  converged
bfs        n=262144        50 rounds      24067700.0 ns  +- 0.2%  converged
merge      n=262144        50 rounds      27782200.0 ns  +- 0.3%  converged
heap       n=262144        77 rounds      27074800.0 ns  +- 5.0%  converged
quick      n=370728       161 rounds      30328700.0 ns  +- 1.0%  converged
quicki     n=370728       192 rounds      33539500.0 ns  +- 1.8%  converged
bfs        n=370728        50 rounds      34779100.0 ns  +- 0.3%  converged
merge      n=370728       118 rounds      40972100.0 ns  +- 1.7%  converged
heap       n=370728       150 rounds      38684700.0 ns  +- 0.4%  converged
quick      n=524288        54 rounds      43460900.0 ns  +- 0.3%  converged
quicki     n=524288        54 rounds      47885800.0 ns  +- 0.3%  converged
bfs        n=524288        50 rounds      50379600.0 ns  +- 1.8%  converged
merge      n=524288       100 rounds      58069300.0 ns  +- 0.2%  converged
heap       n=524288        50 rounds      56971400.0 ns  +- 1.0%  converged
quick      n=741455        69 rounds      63341400.0 ns  +- 1.8%  converged
quicki     n=741455       100 rounds      69163900.0 ns  +- 0.2%  converged
bfs        n=741455        50 rounds      72105500.0 ns  +- 0.2%  converged
merge      n=741455        50 rounds      85359500.0 ns  +- 1.5%  converged
heap       n=741455        50 rounds      83098400.0 ns  +- 0.1%  converged
quick      n=1048576       50 rounds      91769000.0 ns  +- 2.4%  converged
quicki     n=1048576       50 rounds      99988400.0 ns  +- 1.0%  converged
bfs        n=1048576       50 rounds     105817000.0 ns  +- 2.6%  converged
merge      n=1048576       50 rounds     122638000.0 ns  +- 2.6%  converged
heap       n=1048576       50 rounds     123207000.0 ns  +- 0.7%  converged
quick      n=1482910       50 rounds     131112000.0 ns  +- 0.7%  converged
quicki     n=1482910       50 rounds     143783000.0 ns  +- 0.5%  converged
bfs        n=1482910       50 rounds     153024000.0 ns  +- 0.8%  converged
merge      n=1482910       50 rounds     178764000.0 ns  +- 2.0%  converged
heap       n=1482910       58 rounds     183163000.0 ns  +- 0.5%  converged
quick      n=2097152       50 rounds     190563000.0 ns  +- 2.1%  converged
quicki     n=2097152       50 rounds     208682000.0 ns  +- 1.8%  converged
bfs        n=2097152       52 rounds     222622000.0 ns  +- 0.3%  converged
merge      n=2097152       50 rounds     254692000.0 ns  +- 1.7%  converged
heap       n=2097152      300 rounds     281105000.0 ns  +- 0.2%  converged
quick      n=2965821       50 rounds     272555000.0 ns  +- 0.2%  converged
quicki     n=2965821       50 rounds     300561000.0 ns  +- 1.5%  converged
bfs        n=2965821       50 rounds     325285000.0 ns  +- 1.8%  converged
merge      n=2965821       50 rounds     371353000.0 ns  +- 1.5%  converged
heap       n=2965821       54 rounds     443362000.0 ns  +- 0.2%  converged
quick      n=4194304       94 rounds     393828000.0 ns  +- 0.6%  converged
quicki     n=4194304       50 rounds     435749000.0 ns  +- 1.7%  converged
bfs        n=4194304       50 rounds     469970000.0 ns  +- 1.0%  converged
merge      n=4194304       50 rounds     529107000.0 ns  +- 1.2%  converged
heap       n=4194304       50 rounds     698977000.0 ns  +- 0.3%  converged
quick      n=5931642       74 rounds     565960000.0 ns  +- 0.1%  converged
quicki     n=5931642       53 rounds     623667000.0 ns  +- 1.2%  converged
bfs        n=5931642       50 rounds     677237000.0 ns  +- 0.7%  converged
merge      n=5931642       50 rounds     774882000.0 ns  +- 1.2%  converged
heap       n=5931642       63 rounds    1037410000.0 ns  +- 0.8%  converged
quick      n=8388608       50 rounds     820480000.0 ns  +- 0.8%  converged
quicki     n=8388608       50 rounds     894010000.0 ns  +- 0.7%  converged
bfs        n=8388608       50 rounds     974523000.0 ns  +- 0.6%  converged
merge      n=8388608       50 rounds    1103450000.0 ns  +- 0.7%  converged
heap       n=8388608       50 rounds    1530310000.0 ns  +- 0.6%  converged
